// Jest Snapshot v1, https://goo.gl/fbAQLP

exports[`Motorcycle component handles image loading and error events 1`] = `
Object {
  "asFragment": [Function],
  "baseElement": <body>
    <div>
      <div
        class="motorcycleItem"
      >
        <div
          class="motorcycleItemPicture"
          data-info="{\\"name\\":\\"Test Motorcycle\\",\\"model\\":\\"Test Model\\",\\"description\\":\\"Test Description\\",\\"imageLink\\":\\"test-image-link.jpg\\"}"
          role="button"
          tabindex="0"
        >
          <img
            alt="_"
            class="photoItem"
            src="test-image-link.jpg"
            srcset="Vespa Mota"
          />
        </div>
        <div
          class="motorcycleItemNameModel flexH"
        >
          <h4>
            Test Motorcycle
          </h4>
        </div>
        <hr
          class="bar"
        />
        <div
          class="motorcycleItemDescription flexH"
        >
          <p>
            Test Model
          </p>
        </div>
        <div
          class="motorcycleItemLinks flexH"
        >
          <p
            id="description"
          >
            Test Description
          </p>
        </div>
      </div>
    </div>
  </body>,
  "container": <div>
    <div
      class="motorcycleItem"
    >
      <div
        class="motorcycleItemPicture"
        data-info="{\\"name\\":\\"Test Motorcycle\\",\\"model\\":\\"Test Model\\",\\"description\\":\\"Test Description\\",\\"imageLink\\":\\"test-image-link.jpg\\"}"
        role="button"
        tabindex="0"
      >
        <img
          alt="_"
          class="photoItem"
          src="test-image-link.jpg"
          srcset="Vespa Mota"
        />
      </div>
      <div
        class="motorcycleItemNameModel flexH"
      >
        <h4>
          Test Motorcycle
        </h4>
      </div>
      <hr
        class="bar"
      />
      <div
        class="motorcycleItemDescription flexH"
      >
        <p>
          Test Model
        </p>
      </div>
      <div
        class="motorcycleItemLinks flexH"
      >
        <p
          id="description"
        >
          Test Description
        </p>
      </div>
    </div>
  </div>,
  "debug": [Function],
  "findAllByAltText": [Function],
  "findAllByDisplayValue": [Function],
  "findAllByLabelText": [Function],
  "findAllByPlaceholderText": [Function],
  "findAllByRole": [Function],
  "findAllByTestId": [Function],
  "findAllByText": [Function],
  "findAllByTitle": [Function],
  "findByAltText": [Function],
  "findByDisplayValue": [Function],
  "findByLabelText": [Function],
  "findByPlaceholderText": [Function],
  "findByRole": [Function],
  "findByTestId": [Function],
  "findByText": [Function],
  "findByTitle": [Function],
  "getAllByAltText": [Function],
  "getAllByDisplayValue": [Function],
  "getAllByLabelText": [Function],
  "getAllByPlaceholderText": [Function],
  "getAllByRole": [Function],
  "getAllByTestId": [Function],
  "getAllByText": [Function],
  "getAllByTitle": [Function],
  "getByAltText": [Function],
  "getByDisplayValue": [Function],
  "getByLabelText": [Function],
  "getByPlaceholderText": [Function],
  "getByRole": [Function],
  "getByTestId": [Function],
  "getByText": [Function],
  "getByTitle": [Function],
  "queryAllByAltText": [Function],
  "queryAllByDisplayValue": [Function],
  "queryAllByLabelText": [Function],
  "queryAllByPlaceholderText": [Function],
  "queryAllByRole": [Function],
  "queryAllByTestId": [Function],
  "queryAllByText": [Function],
  "queryAllByTitle": [Function],
  "queryByAltText": [Function],
  "queryByDisplayValue": [Function],
  "queryByLabelText": [Function],
  "queryByPlaceholderText": [Function],
  "queryByRole": [Function],
  "queryByTestId": [Function],
  "queryByText": [Function],
  "queryByTitle": [Function],
  "rerender": [Function],
  "unmount": [Function],
}
`;
